#-----------------------------------------------------------
# Vivado v2021.2 (64-bit)
# SW Build 3367213 on Tue Oct 19 02:48:09 MDT 2021
# IP Build 3369179 on Thu Oct 21 08:25:16 MDT 2021
# Start of session at: Wed Nov 17 18:00:30 2021
# Process ID: 2892
# Current directory: C:/Users/User/Desktop/Fall 2021/CompE470L/FinalProject/470_Final_Project_Tic_Tac_Toe
# Command line: vivado.exe -gui_launcher_event rodinguilauncherevent14912 C:\Users\User\Desktop\Fall 2021\CompE470L\FinalProject\470_Final_Project_Tic_Tac_Toe\470_Final_Project_Tic_Tac_Toe.xpr
# Log file: C:/Users/User/Desktop/Fall 2021/CompE470L/FinalProject/470_Final_Project_Tic_Tac_Toe/vivado.log
# Journal file: C:/Users/User/Desktop/Fall 2021/CompE470L/FinalProject/470_Final_Project_Tic_Tac_Toe\vivado.jou
# Running On: DESKTOP-KIS3HR1, OS: Windows, CPU Frequency: 2499 MHz, CPU Physical cores: 4, Host memory: 17063 MB
#-----------------------------------------------------------
start_gui
open_project {C:/Users/User/Desktop/Fall 2021/CompE470L/FinalProject/470_Final_Project_Tic_Tac_Toe/470_Final_Project_Tic_Tac_Toe.xpr}
upgrade_project -migrate_output_products
launch_simulation
